interactions:
- request:
    body: null
    headers:
      Accept:
      - '*/*'
      Accept-Encoding:
      - gzip, deflate
      Connection:
      - keep-alive
      User-Agent:
      - python-requests/2.31.0 habanero/1.2.5
      X-USER-AGENT:
      - python-requests/2.31.0 habanero/1.2.5
    method: GET
    uri: https://api.crossref.org/works/10.1016/j.neurobiolaging.2010.03.024
  response:
    body:
      string: '{"status":"ok","message-type":"work","message-version":"1.0.0","message":{"indexed":{"date-parts":[[2024,1,15]],"date-time":"2024-01-15T03:38:06Z","timestamp":1705289886457},"reference-count":57,"publisher":"Elsevier
        BV","issue":"3","license":[{"start":{"date-parts":[[2012,3,1]],"date-time":"2012-03-01T00:00:00Z","timestamp":1330560000000},"content-version":"tdm","delay-in-days":0,"URL":"https:\/\/www.elsevier.com\/tdm\/userlicense\/1.0\/"}],"funder":[{"DOI":"10.13039\/501100004085","name":"Ministry
        of Education, Science and Technology","doi-asserted-by":"crossref","award":["R32-10064"]},{"name":"Stem
        Cell Research Center","award":["SC4170"]}],"content-domain":{"domain":[],"crossmark-restriction":false},"short-container-title":["Neurobiology
        of Aging"],"published-print":{"date-parts":[[2012,3]]},"DOI":"10.1016\/j.neurobiolaging.2010.03.024","type":"journal-article","created":{"date-parts":[[2010,5,18]],"date-time":"2010-05-18T07:20:15Z","timestamp":1274167215000},"page":"588-602","source":"Crossref","is-referenced-by-count":210,"title":["Human
        umbilical cord blood-derived mesenchymal stem cells improve neuropathology
        and cognitive impairment in an Alzheimer''s disease mouse model through modulation
        of neuroinflammation"],"prefix":"10.1016","volume":"33","author":[{"given":"Hyun
        Ju","family":"Lee","sequence":"first","affiliation":[]},{"given":"Jong Kil","family":"Lee","sequence":"additional","affiliation":[]},{"given":"Hyun","family":"Lee","sequence":"additional","affiliation":[]},{"given":"Janet
        E.","family":"Carter","sequence":"additional","affiliation":[]},{"given":"Jong
        Wook","family":"Chang","sequence":"additional","affiliation":[]},{"given":"Wonil","family":"Oh","sequence":"additional","affiliation":[]},{"given":"Yoon
        Sun","family":"Yang","sequence":"additional","affiliation":[]},{"given":"Jun-Gyo","family":"Suh","sequence":"additional","affiliation":[]},{"given":"Byoung-Hee","family":"Lee","sequence":"additional","affiliation":[]},{"given":"Hee
        Kyung","family":"Jin","sequence":"additional","affiliation":[]},{"given":"Jae-sung","family":"Bae","sequence":"additional","affiliation":[]}],"member":"78","reference":[{"key":"10.1016\/j.neurobiolaging.2010.03.024_bib1","doi-asserted-by":"crossref","first-page":"63","DOI":"10.1096\/fasebj.13.1.63","article-title":"TNFalpha
        plus IFNgamma induce the production of Alzheimer beta-amyloid peptides and
        decrease the secretion of APPs","volume":"13","author":"Blasko","year":"1999","journal-title":"FASEB
        J"},{"key":"10.1016\/j.neurobiolaging.2010.03.024_bib2","doi-asserted-by":"crossref","first-page":"437","DOI":"10.2174\/156720506779025242","article-title":"Pathways
        by which Abeta facilitates tau pathology","volume":"3","author":"Blurton-Jones","year":"2006","journal-title":"Curr.
        Alzheimer Res"},{"key":"10.1016\/j.neurobiolaging.2010.03.024_bib3","doi-asserted-by":"crossref","first-page":"11784","DOI":"10.1073\/pnas.0604681103","article-title":"Glatiramer
        acetate fights against Alzheimer''s disease by inducing dendritic-like microglia
        expressing insulin-like growth factor 1","volume":"103","author":"Butovsky","year":"2006","journal-title":"Proc.
        Natl. Acad. Sci. U S A"},{"key":"10.1016\/j.neurobiolaging.2010.03.024_bib4","doi-asserted-by":"crossref","first-page":"67","DOI":"10.1016\/j.expneurol.2005.11.015","article-title":"Infusion
        of human umbilical cord blood cells protect against cerebral ischemia and
        damage during heatstroke in the rat","volume":"199","author":"Chen","year":"2006","journal-title":"Exp.
        Neurol"},{"key":"10.1016\/j.neurobiolaging.2010.03.024_bib5","doi-asserted-by":"crossref","first-page":"46","DOI":"10.1186\/1742-2094-5-46","article-title":"Interleukin-1beta
        and tumor necrosis factor-alpha are expressed by different subsets of microglia
        and macrophages after ischemic stroke in mice","volume":"5","author":"Clausen","year":"2008","journal-title":"J.
        Neuroinflammation"},{"key":"10.1016\/j.neurobiolaging.2010.03.024_bib6","doi-asserted-by":"crossref","first-page":"399","DOI":"10.1007\/s11481-009-9164-4","article-title":"Heterogeneity
        of microglial activation in the innate immune response in the brain","volume":"4","author":"Colton","year":"2009","journal-title":"J
        Neuroimmune Pharmacol"},{"key":"10.1016\/j.neurobiolaging.2010.03.024_bib7","first-page":"3","article-title":"Expression
        profiles for macrophage alternative activation genes in AD and in mouse models
        of AD","volume":"27","author":"Colton","year":"2006","journal-title":"J. Neuroinflammation"},{"key":"10.1016\/j.neurobiolaging.2010.03.024_bib8","doi-asserted-by":"crossref","first-page":"101","DOI":"10.1016\/S0002-9440(10)64354-4","article-title":"CD36,
        a class B scavenger receptor, is expressed on microglia in Alzheimer''s disease
        brains and can mediate production of reactive oxygen species in response to
        beta-amyloid fibrils","volume":"160","author":"Coraci","year":"2002","journal-title":"Am.
        J. Pathol"},{"key":"10.1016\/j.neurobiolaging.2010.03.024_bib9","doi-asserted-by":"crossref","first-page":"339","DOI":"10.1016\/j.nbd.2007.06.010","article-title":"Enhancement
        of neuroplasticity through upregulation of beta1-integrin in human umbilical
        cord-derived stromal cell implanted stroke model","volume":"27","author":"Ding","year":"2007","journal-title":"Neurobiol.
        Dis"},{"key":"10.1016\/j.neurobiolaging.2010.03.024_bib10","doi-asserted-by":"crossref","first-page":"710","DOI":"10.1038\/383710a0","article-title":"Increased
        amyloid-beta42(43) in brains of mice expressing mutant presenilin 1","volume":"383","author":"Duff","year":"1996","journal-title":"Nature"},{"key":"10.1016\/j.neurobiolaging.2010.03.024_bib11","doi-asserted-by":"crossref","first-page":"1298","DOI":"10.1189\/jlb.0406249","article-title":"Biochemical
        and functional characterization of three activated macrophage populations","volume":"80","author":"Edwards","year":"2006","journal-title":"J.
        Leukoc. Biol"},{"key":"10.1016\/j.neurobiolaging.2010.03.024_bib12","doi-asserted-by":"crossref","first-page":"S81","DOI":"10.1016\/S0197-4580(98)00036-0","article-title":"Microglia,
        scavenger receptors, and the pathogenesis of Alzheimer''s disease","volume":"19","author":"El
        Khoury","year":"1998","journal-title":"Neurobiol. Aging"},{"key":"10.1016\/j.neurobiolaging.2010.03.024_bib13","doi-asserted-by":"crossref","first-page":"1657","DOI":"10.1084\/jem.20021546","article-title":"CD36
        mediates the innate host response to beta-amyloid","volume":"197","author":"El
        Khoury","year":"2003","journal-title":"J. Exp. Med"},{"key":"10.1016\/j.neurobiolaging.2010.03.024_bib14","doi-asserted-by":"crossref","first-page":"4822","DOI":"10.4049\/jimmunol.160.10.4822","article-title":"A
        critical role for IL-4 in regulating disease severity in experimental allergic
        encephalomyelitis as demonstrated in IL-4-deficient C57BL\/6 mice and BALB\/c
        mice","volume":"160","author":"Falcone","year":"1998","journal-title":"J.
        Immunol"},{"key":"10.1016\/j.neurobiolaging.2010.03.024_bib15","doi-asserted-by":"crossref","first-page":"274","DOI":"10.1111\/j.1749-6632.2000.tb06936.x","article-title":"Prevention
        and reduction of AD-type pathology in PDAPP mice immunized with A beta 1\u201342","volume":"920","author":"Games","year":"2000","journal-title":"Ann.
        N Y Acad. Sci"},{"key":"10.1016\/j.neurobiolaging.2010.03.024_bib16","doi-asserted-by":"crossref","first-page":"23","DOI":"10.1038\/nri978","article-title":"Alternative
        activation of macrophages","volume":"3","author":"Gordon","year":"2003","journal-title":"Nat.
        Rev. Immunol"},{"key":"10.1016\/j.neurobiolaging.2010.03.024_bib17","doi-asserted-by":"crossref","first-page":"857","DOI":"10.1038\/ni.1636","article-title":"The
        NALP3 inflammasome is involved in the innate immune response to amyloid-beta","volume":"9","author":"Halle","year":"2008","journal-title":"Nat.
        Immunol"},{"key":"10.1016\/j.neurobiolaging.2010.03.024_bib18","first-page":"269","article-title":"Cord
        blood stem cells: a review of potential neurological applications","volume":"4","author":"Harris","year":"2008","journal-title":"Stem.
        Cell Res"},{"key":"10.1016\/j.neurobiolaging.2010.03.024_bib19","doi-asserted-by":"crossref","first-page":"829","DOI":"10.1083\/jcb.200705042","article-title":"Deletion
        of tumor necrosis factor death receptor inhibits amyloid beta generation and
        prevents learning and memory deficits in Alzheimer''s mice","volume":"178","author":"He","year":"2007","journal-title":"J.
        Cell Biol"},{"key":"10.1016\/j.neurobiolaging.2010.03.024_bib20","doi-asserted-by":"crossref","first-page":"69","DOI":"10.1016\/j.jneuroim.2006.11.017","article-title":"Inflammatory
        processes in Alzheimer''s disease","volume":"184","author":"Heneka","year":"2007","journal-title":"J.
        Neuroimmunol"},{"key":"10.1016\/j.neurobiolaging.2010.03.024_bib21","doi-asserted-by":"crossref","first-page":"2893","DOI":"10.1634\/stemcells.2008-0075","article-title":"Modulation
        of inflammatory responses after global ischemia by transplanted umbilical
        cord matrix stem cells","volume":"26","author":"Hirko","year":"2008","journal-title":"Stem
        Cells"},{"key":"10.1016\/j.neurobiolaging.2010.03.024_bib22","doi-asserted-by":"crossref","first-page":"99","DOI":"10.1126\/science.274.5284.99","article-title":"Correlative
        memory deficits, Abeta elevation, and amyloid plaques in transgenic mice","volume":"274","author":"Hsiao","year":"1996","journal-title":"Science"},{"key":"10.1016\/j.neurobiolaging.2010.03.024_bib23","doi-asserted-by":"crossref","first-page":"15","DOI":"10.3233\/JAD-2009-0960","article-title":"Accumulated
        amyloid-beta peptide and hyperphosphorylated tau protein: relationship and
        links in Alzheimer''s disease","volume":"16","author":"Huang","year":"2009","journal-title":"J.
        Alzheimers Dis"},{"key":"10.1016\/j.neurobiolaging.2010.03.024_bib24","doi-asserted-by":"crossref","first-page":"11650","DOI":"10.1523\/JNEUROSCI.3024-08.2008","article-title":"Inflammatory
        response in the hippocampus of PS1M146L\/APP751SL mouse model of Alzheimer''s
        disease: age-dependent switch in the microglial phenotype from alternative
        to classic","volume":"28","author":"Jimenez","year":"2008","journal-title":"J.
        Neurosci"},{"key":"10.1016\/j.neurobiolaging.2010.03.024_bib25","doi-asserted-by":"crossref","first-page":"511","DOI":"10.1089\/scd.2008.0050","article-title":"Overexpression
        of CXC chemokine receptors is required for the superior glioma-tracking property
        of umbilical cord blood-derived mesenchymal stem cells","volume":"18","author":"Kim","year":"2009","journal-title":"Stem
        Cells and Development"},{"key":"10.1016\/j.neurobiolaging.2010.03.024_bib26","doi-asserted-by":"crossref","first-page":"8240","DOI":"10.1523\/JNEUROSCI.1808-05.2005","article-title":"Microglial
        phagocytosis induced by fibrillar beta-amyloid and IgGs are differentially
        regulated by proinflammatory cytokines","volume":"25","author":"Koenigsknecht-Talboo","year":"2005","journal-title":"J.
        Neurosci"},{"key":"10.1016\/j.neurobiolaging.2010.03.024_bib27","doi-asserted-by":"crossref","first-page":"14675","DOI":"10.1073\/pnas.261562998","article-title":"Specific
        spatial learning deficits become severe with age in beta -amyloid precursor
        protein transgenic mice that harbor diffuse beta-amyloid deposits but do not
        form plaques","volume":"98","author":"Koistinaho","year":"2001","journal-title":"Proc.
        Natl. Acad. Sci. U S A"},{"key":"10.1016\/j.neurobiolaging.2010.03.024_bib28","doi-asserted-by":"crossref","first-page":"1149","DOI":"10.1084\/jem.20081271","article-title":"Role
        of breast regression protein 39 (BRP-39)\/chitinase 3-like-one in Th2 and
        IL-13-induced tissue responses and apoptosis","volume":"206","author":"Lee","year":"2009","journal-title":"J.
        Exp. Med"},{"key":"10.1016\/j.neurobiolaging.2010.03.024_bib29","doi-asserted-by":"crossref","first-page":"136","DOI":"10.1016\/j.neulet.2008.11.059","article-title":"Bone
        marrow-derived mesenchymal stem cells reduce brain amyloid-beta deposition
        and accelerate the activation of microglia in an acutely induced Alzheimer''s
        disease mouse model","volume":"450","author":"Lee","year":"2009","journal-title":"Neurosci.
        Lett"},{"key":"10.1016\/j.neurobiolaging.2010.03.024_bib30","doi-asserted-by":"crossref","first-page":"37","DOI":"10.1186\/1742-2094-5-37","article-title":"Neuro-
        inflammation induced by lipopolysaccharide causes cognitive impairment through
        enhancement of beta-amyloid generation","volume":"5","author":"Lee","year":"2008","journal-title":"J.
        Neuroinflammation"},{"key":"10.1016\/j.neurobiolaging.2010.03.024_bib31","doi-asserted-by":"crossref","first-page":"1087","DOI":"10.1016\/S0896-6273(03)00787-6","article-title":"Enhanced
        proteolysis of beta-amyloid in APP transgenic mice prevents plaque formation,
        secondary pathology, and premature death","volume":"40","author":"Leissring","year":"2003","journal-title":"Neuron"},{"key":"10.1016\/j.neurobiolaging.2010.03.024_bib32","doi-asserted-by":"crossref","first-page":"402","DOI":"10.1006\/meth.2001.1262","article-title":"Analysis
        of relative gene expression data using real-time quantitative PCR and the2
        (-Delta Delta C(T)) Method","volume":"25","author":"Livak","year":"2001","journal-title":"Methods"},{"key":"10.1016\/j.neurobiolaging.2010.03.024_bib33","doi-asserted-by":"crossref","first-page":"8309","DOI":"10.1523\/JNEUROSCI.1781-07.2007","article-title":"CD200
        ligand receptor interaction modulates microglial activation in vivo and in
        vitro: a role for IL-4","volume":"27","author":"Lyons","year":"2007","journal-title":"J.
        Neurosci"},{"key":"10.1016\/j.neurobiolaging.2010.03.024_bib34","doi-asserted-by":"crossref","first-page":"103","DOI":"10.1016\/j.bbrc.2009.09.075","article-title":"Demethylallosamidin,
        a chitinase inhibitor, suppresses airway inflammation and hyperresponsiveness","volume":"390","author":"Matsumoto","year":"2009","journal-title":"Biochem.
        Biophys. Res. Commun"},{"key":"10.1016\/j.neurobiolaging.2010.03.024_bib35","doi-asserted-by":"crossref","first-page":"631","DOI":"10.1038\/nature02621","article-title":"Pathways
        towards and away from Alzheimer''s disease","volume":"430","author":"Mattson","year":"2004","journal-title":"Nature"},{"key":"10.1016\/j.neurobiolaging.2010.03.024_bib36","doi-asserted-by":"crossref","first-page":"647","DOI":"10.1038\/374647a0","article-title":"Activation
        of microglial cells by beta-amyloid protein and interferon-gamma","volume":"374","author":"Meda","year":"1995","journal-title":"Nature"},{"key":"10.1016\/j.neurobiolaging.2010.03.024_bib37","doi-asserted-by":"crossref","first-page":"681","DOI":"10.1038\/297681a0","article-title":"Place
        navigation impaired in. Rats with hippocampal lesion","volume":"297","author":"Morris","year":"1982","journal-title":"Nature"},{"key":"10.1016\/j.neurobiolaging.2010.03.024_bib38","doi-asserted-by":"crossref","first-page":"385","DOI":"10.1128\/IAI.73.1.385-394.2005","article-title":"Chitinase
        and Fizz family members are a generalized feature of nematode infection with
        selective upregulation of Ym1 and Fizz1 by antigen-presenting cells","volume":"73","author":"Nair","year":"2005","journal-title":"Infect.
        Immun"},{"key":"10.1016\/j.neurobiolaging.2010.03.024_bib39","doi-asserted-by":"crossref","first-page":"423","DOI":"10.1089\/scd.2008.0018","article-title":"Peripherally
        administered human umbilical cord blood cells reduce parenchymal and vascular
        beta-amyloid deposits in Alzheimer mice","volume":"17","author":"Nikolic","year":"2008","journal-title":"Stem
        Cells Dev"},{"key":"10.1016\/j.neurobiolaging.2010.03.024_bib40","doi-asserted-by":"crossref","first-page":"14638","DOI":"10.1073\/pnas.0803670105","article-title":"Stem\/progenitor
        cells from bone marrow decrease neuronal death in global ischemia by modulation
        of inflammatory\/immune responses","volume":"105","author":"Ohtaki","year":"2008","journal-title":"Proc.
        Natl. Acad. Sci. U S A"},{"key":"10.1016\/j.neurobiolaging.2010.03.024_bib41","doi-asserted-by":"crossref","first-page":"10714","DOI":"10.1523\/JNEUROSCI.1922-07.2007","article-title":"CNS-derived
        interleukin-4 is essential for the regulation of autoimmune inflammation and
        induces a state of alternative activation in microglial cells","volume":"27","author":"Ponomarev","year":"2007","journal-title":"J.
        Neurosci"},{"key":"10.1016\/j.neurobiolaging.2010.03.024_bib42","doi-asserted-by":"crossref","first-page":"441","DOI":"10.1016\/S0197-4580(00)00141-X","article-title":"Inflammatory
        hypotheses: novel mechanisms of Alzheimer''s neurodegeneration and new therapeutic
        targets?","volume":"21","author":"Pratic\u00f2","year":"2000","journal-title":"Neurobiol.
        Aging"},{"key":"10.1016\/j.neurobiolaging.2010.03.024_bib43","doi-asserted-by":"crossref","first-page":"750","DOI":"10.1126\/science.1141736","article-title":"Reducing
        endogenous tau ameliorates amyloid beta-induced deficits in an Alzheimer''s
        disease mouse model","volume":"316","author":"Roberson","year":"2007","journal-title":"Science"},{"key":"10.1016\/j.neurobiolaging.2010.03.024_bib44","doi-asserted-by":"crossref","first-page":"9796","DOI":"10.1523\/JNEUROSCI.23-30-09796.2003","article-title":"Nonsteroidal
        anti-inflammatory drugs and peroxisome proliferator-activated receptor-gamma
        agonists modulate immunostimulated processing of amyloid precursor protein
        through regulation of beta-secretase","volume":"23","author":"Sastre","year":"2003","journal-title":"J.
        Neurosci"},{"key":"10.1016\/j.neurobiolaging.2010.03.024_bib45","doi-asserted-by":"crossref","first-page":"173","DOI":"10.1038\/22124","article-title":"Immunization
        with amyloid-beta attenuates Alzheimer-disease-like pathology in the PDAPP
        mouse","volume":"400","author":"Schenk","year":"1999","journal-title":"Nature"},{"key":"10.1016\/j.neurobiolaging.2010.03.024_bib46","doi-asserted-by":"crossref","first-page":"599","DOI":"10.2353\/ajpath.2006.060002","article-title":"Alzheimer''s
        disease-like tau neuropathology leads to memory deficits and loss of functional
        synapses in a novel mutated tau transgenic mouse without any motor deficits","volume":"169","author":"Schindowski","year":"2006","journal-title":"Am.
        J. Pathol"},{"key":"10.1016\/j.neurobiolaging.2010.03.024_bib47","doi-asserted-by":"crossref","first-page":"489","DOI":"10.1016\/j.neuron.2006.01.022","article-title":"Bone
        marrow-derived microglia play a critical role in restricting senile plaque
        formation in Alzheimer''s disease","volume":"49","author":"Simard","year":"2006","journal-title":"Neuron"},{"key":"10.1016\/j.neurobiolaging.2010.03.024_bib48","doi-asserted-by":"crossref","first-page":"2787","DOI":"10.1083\/jcb.103.6.2787","article-title":"A
        Monoclonal Antibody against a-Smooth Muscle Actin: A New Probe for Smooth
        Muscle Differentiation","volume":"103","author":"Skalli","year":"1986","journal-title":"J.
        Cell Biol"},{"key":"10.1016\/j.neurobiolaging.2010.03.024_bib49","doi-asserted-by":"crossref","first-page":"2352","DOI":"10.1126\/science.286.5448.2352","article-title":"Microglial
        activation resulting from CD40-CD40L interaction after beta-amyloid stimulation","volume":"286","author":"Tan","year":"1999","journal-title":"Science"},{"key":"10.1016\/j.neurobiolaging.2010.03.024_bib50","doi-asserted-by":"crossref","first-page":"276","DOI":"10.1002\/cmdc.200800289","article-title":"In
        vitro and in vivo staining characteristics of small, fluorescent, Abeta42-binding
        D-enantiomeric peptides in transgenic AD mouse models","volume":"4","author":"Van
        Groen","year":"2009","journal-title":"Chemmedchem"},{"key":"10.1016\/j.neurobiolaging.2010.03.024_bib51","doi-asserted-by":"crossref","first-page":"157","DOI":"10.1385\/JMN:17:2:157","article-title":"The
        beta-secretase, BACE: a prime drug target for Alzheimer''s disease","volume":"17","author":"Vassar","year":"2001","journal-title":"J.
        Mol. Neurosci"},{"key":"10.1016\/j.neurobiolaging.2010.03.024_bib52","doi-asserted-by":"crossref","first-page":"2390","DOI":"10.1161\/01.STR.0000141681.06735.9b","article-title":"Infusion
        of human umbilical cord blood cells in a rat model of stroke dose dependently
        rescues behavioral deficits and reduces infarct volume","volume":"35","author":"Vendrame","year":"2004","journal-title":"Stroke"},{"key":"10.1016\/j.neurobiolaging.2010.03.024_bib53","doi-asserted-by":"crossref","first-page":"595","DOI":"10.1089\/scd.2005.14.595","article-title":"Anti-inflammatory
        effects of human cord blood cells in a rat model of stroke","volume":"14","author":"Vendrame","year":"2005","journal-title":"Stem
        Cells Dev"},{"key":"10.1016\/j.neurobiolaging.2010.03.024_bib54","doi-asserted-by":"crossref","first-page":"60","DOI":"10.1001\/archneurol.2008.511","article-title":"Carbon-11-labeled
        Pittsburgh Compound B and carbon-11-labeled (R)-PK11195 positron emission
        tomographic imaging in Alzheimer disease","volume":"66","author":"Wiley","year":"2009","journal-title":"Arch.
        Neurol"},{"key":"10.1016\/j.neurobiolaging.2010.03.024_bib55","doi-asserted-by":"crossref","first-page":"24566","DOI":"10.1074\/jbc.M602440200","article-title":"Matrix
        metalloproteinase-nine degrades amyloid-beta fibrils in vitro and compact
        plaques in situ","volume":"281","author":"Yan","year":"2006","journal-title":"J.
        Biol. Chem"},{"key":"10.1016\/j.neurobiolaging.2010.03.024_bib56","doi-asserted-by":"crossref","first-page":"685","DOI":"10.1038\/382685a0","article-title":"RAGE
        and amyloid-beta peptide neurotoxicity in Alzheimer''s disease","volume":"382","author":"Yan","year":"1996","journal-title":"Nature"},{"key":"10.1016\/j.neurobiolaging.2010.03.024_bib57","doi-asserted-by":"crossref","first-page":"1176","DOI":"10.1111\/j.1471-4159.2006.04172.x","article-title":"Protective
        effects of an anti- inflammatory cytokine, interleukin-4, on motoneuron toxicity
        induced by activated microglia","volume":"99","author":"Zhao","year":"2006","journal-title":"J.
        Neurochem"}],"container-title":["Neurobiology of Aging"],"original-title":[],"language":"en","link":[{"URL":"https:\/\/api.elsevier.com\/content\/article\/PII:S0197458010001570?httpAccept=text\/xml","content-type":"text\/xml","content-version":"vor","intended-application":"text-mining"},{"URL":"https:\/\/api.elsevier.com\/content\/article\/PII:S0197458010001570?httpAccept=text\/plain","content-type":"text\/plain","content-version":"vor","intended-application":"text-mining"}],"deposited":{"date-parts":[[2023,6,1]],"date-time":"2023-06-01T06:17:39Z","timestamp":1685600259000},"score":1,"resource":{"primary":{"URL":"https:\/\/linkinghub.elsevier.com\/retrieve\/pii\/S0197458010001570"}},"subtitle":[],"short-title":[],"issued":{"date-parts":[[2012,3]]},"references-count":57,"journal-issue":{"issue":"3","published-print":{"date-parts":[[2012,3]]}},"alternative-id":["S0197458010001570"],"URL":"http:\/\/dx.doi.org\/10.1016\/j.neurobiolaging.2010.03.024","relation":{"has-review":[{"id-type":"doi","id":"10.3410\/f.3904957.3650055","asserted-by":"object"}]},"ISSN":["0197-4580"],"issn-type":[{"value":"0197-4580","type":"print"}],"subject":["Geriatrics
        and Gerontology","Developmental Biology","Neurology (clinical)","Aging","General
        Neuroscience"],"published":{"date-parts":[[2012,3]]}}}'
    headers:
      access-control-allow-headers:
      - X-Requested-With, Accept, Accept-Encoding, Accept-Charset, Accept-Language,
        Accept-Ranges, Cache-Control
      access-control-allow-origin:
      - '*'
      access-control-expose-headers:
      - Link
      connection:
      - close
      content-encoding:
      - gzip
      content-length:
      - '6303'
      content-type:
      - application/json
      date:
      - Tue, 16 Jan 2024 06:50:36 GMT
      permissions-policy:
      - interest-cohort=()
      server:
      - Jetty(9.4.40.v20210413)
      vary:
      - Accept-Encoding
      x-api-pool:
      - public
      x-rate-limit-interval:
      - 1s
      x-rate-limit-limit:
      - '50'
      x-ratelimit-interval:
      - 1s
      x-ratelimit-limit:
      - '50'
    status:
      code: 200
      message: OK
- request:
    body: null
    headers:
      Accept:
      - '*/*'
      Accept-Encoding:
      - gzip, deflate
      Connection:
      - keep-alive
      User-Agent:
      - python-requests/2.31.0 habanero/1.2.5
      X-USER-AGENT:
      - python-requests/2.31.0 habanero/1.2.5
    method: GET
    uri: https://api.crossref.org/works/10.1002/jor.1100150407
  response:
    body:
      string: '{"status":"ok","message-type":"work","message-version":"1.0.0","message":{"indexed":{"date-parts":[[2023,10,28]],"date-time":"2023-10-28T09:44:50Z","timestamp":1698486290217},"reference-count":36,"publisher":"Wiley","issue":"4","license":[{"start":{"date-parts":[[2005,2,18]],"date-time":"2005-02-18T00:00:00Z","timestamp":1108684800000},"content-version":"vor","delay-in-days":2789,"URL":"http:\/\/onlinelibrary.wiley.com\/termsAndConditions#vor"}],"content-domain":{"domain":["onlinelibrary.wiley.com"],"crossmark-restriction":true},"short-container-title":["Journal
        Orthopaedic Research"],"published-print":{"date-parts":[[1997,7]]},"abstract":"<jats:title>Abstract<\/jats:title><jats:p>Twenty\u2010two
        beagles were divided into two equal groups, and the right hindlimb of each
        animal was immobilized at 105\u00b0 of knee flexion by external fixation.
        After 10 weeks of fixation, the device was removed, allowing free mobility
        for the following 5 weeks. Each day throughout the 15 weeks, one group received
        a growth hormone secretagogue (treatment) at a dose of 5 mg\/kg, and the other
        received a lactose placebo (control). At weeks 0, 10, and 15, strength as
        indicated by maximum isometric extension torque was measuredin the right hindlimb,
        biopsies of the vastus lateralis muscle were taken, and the dogs were weighed.
        Weekly blood samples were analyzed for insulin\u2010like growth factor\u2010I,
        blood urea nitrogen, and creatine phosphokaase. Between weeks 0 and 10, tetanic
        torque declined by about 60% (p &lt; 0.001) in both groups, with no significant
        difference between the groups (p &gt; 0.7). Between weeks 10 and 15, tetanic
        torque in the treated group increased by 0.81 Nm; this was significantly greater
        than the increase of 0.25 Nm in the placebo group (p &lt; 0.05). The diameters
        of slow (type\u20101) and fast (type\u20102) fibers measured from the vastus
        lateralis muscle followed the same trend. At all time points, fiber diameter
        correlated strongly with torque; this argues against nonmuscular causes such
        as nerve injury for strength loss. The mean levels of insulin\u2010like growth
        factor\u20101 increased 100% by week 4 in the treated group and remained elevated
        by about 60% throughout the experiment. Levels of insulin\u2010like growth
        factor\u20101 in the placebo group decreased 30% within week 1 and remained
        depressed throughout the experiment. Our interpretation of these data suggests
        that the growth hormone secretagogue elevated levels of serum insulin\u2010like
        growth factor\u20101, which in turn increased the size and strength of the
        quadriceos muscle during remobilization. These data may ultimately have therapeutic
        application to humans during rehabilitation after prolonged inactivity.<\/jats:p>","DOI":"10.1002\/jor.1100150407","type":"journal-article","created":{"date-parts":[[2005,2,24]],"date-time":"2005-02-24T10:47:51Z","timestamp":1109242071000},"page":"519-527","update-policy":"http:\/\/dx.doi.org\/10.1002\/crossmark_policy","source":"Crossref","is-referenced-by-count":19,"title":["Growth
        hormone secretagogue increases muscle strength during remobilization after
        canine hindlimb immobilization"],"prefix":"10.1002","volume":"15","author":[{"given":"Richard
        L.","family":"Lieber","sequence":"first","affiliation":[]},{"given":"Thomas
        M.","family":"Jacks","sequence":"additional","affiliation":[]},{"given":"Randall
        L.","family":"Mohler","sequence":"additional","affiliation":[]},{"given":"Klaus","family":"Schleim","sequence":"additional","affiliation":[]},{"given":"Michelle","family":"Haven","sequence":"additional","affiliation":[]},{"given":"Denise","family":"Cuizon","sequence":"additional","affiliation":[]},{"given":"David
        H.","family":"Gershuni","sequence":"additional","affiliation":[]},{"given":"Michael
        A.","family":"Lopez","sequence":"additional","affiliation":[]},{"suffix":"Jr.","given":"Donald","family":"Hora","sequence":"additional","affiliation":[]},{"given":"Ravi","family":"Nargund","sequence":"additional","affiliation":[]},{"given":"William","family":"Feeney","sequence":"additional","affiliation":[]},{"given":"Gerard
        J.","family":"Hickey","sequence":"additional","affiliation":[]}],"member":"311","published-online":{"date-parts":[[2005,2,18]]},"reference":[{"key":"e_1_2_1_2_2","doi-asserted-by":"publisher","DOI":"10.1111\/j.1532-5415.1993.tb06764.x"},{"key":"e_1_2_1_3_2","doi-asserted-by":"publisher","DOI":"10.1007\/BF00591371"},{"key":"e_1_2_1_4_2","doi-asserted-by":"crossref","first-page":"435","DOI":"10.1152\/jappl.1979.47.2.435","article-title":"Recovery
        of skeletal muscle after 3 mo of hindlimb immobilization in rats","volume":"47","author":"Booth
        FW","year":"1979","journal-title":"J Appl Physiol"},{"key":"e_1_2_1_5_2","doi-asserted-by":"publisher","DOI":"10.1210\/en.137.8.3253"},{"key":"e_1_2_1_6_2","doi-asserted-by":"publisher","DOI":"10.1096\/fasebj.10.4.8647349"},{"key":"e_1_2_1_7_2","doi-asserted-by":"publisher","DOI":"10.1016\/0014-4886(75)90036-9"},{"key":"e_1_2_1_8_2","doi-asserted-by":"publisher","DOI":"10.1016\/S0363-5023(09)91107-8"},{"key":"e_1_2_1_9_2","doi-asserted-by":"publisher","DOI":"10.1016\/0014-4886(83)90011-0"},{"key":"e_1_2_1_10_2","first-page":"E331","article-title":"Insulin\u2010like
        growth factor I exerts growth hormone\u2010 and insulin\u2010like actions
        on human muscle protein metabolism","volume":"267","author":"Fryburg DA","year":"1994","journal-title":"Am
        J Physiol"},{"key":"e_1_2_1_11_2","doi-asserted-by":"crossref","first-page":"215","DOI":"10.1097\/00003086-198204000-00037","article-title":"Transcutaneous
        muscle stimulation as a method to retard disuse atrophy","volume":"164","author":"Gould
        N","year":"1982","journal-title":"Clin Orthop"},{"key":"e_1_2_1_12_2","doi-asserted-by":"publisher","DOI":"10.1210\/en.134.2.695"},{"key":"e_1_2_1_13_2","doi-asserted-by":"publisher","DOI":"10.1677\/joe.0.1520183"},{"key":"e_1_2_1_14_2","doi-asserted-by":"publisher","DOI":"10.1677\/joe.0.1430399"},{"key":"e_1_2_1_15_2","doi-asserted-by":"crossref","first-page":"5284","DOI":"10.1210\/endo.137.12.8940347","article-title":"MK\u20100677,
        a potent, novel, orally active growth hormone (GH) secretagogue: GH, insulin\u2010like
        growth factor I, and hormonal responses An beagles","volume":"137","author":"Jacks
        T","year":"1996","journal-title":"Endocrinology"},{"key":"e_1_2_1_16_2","doi-asserted-by":"publisher","DOI":"10.1093\/ptj\/63.4.494"},{"key":"e_1_2_1_17_2","doi-asserted-by":"publisher","DOI":"10.1016\/0010-468X(81)90081-7"},{"key":"e_1_2_1_18_2","doi-asserted-by":"publisher","DOI":"10.1152\/ajpcell.1988.254.6.C759"},{"key":"e_1_2_1_19_2","doi-asserted-by":"publisher","DOI":"10.1152\/ajpcell.1988.254.6.C769"},{"key":"e_1_2_1_20_2","doi-asserted-by":"publisher","DOI":"10.1002\/jor.1100070313"},{"key":"e_1_2_1_21_2","doi-asserted-by":"publisher","DOI":"10.1152\/jn.1994.71.3.874"},{"key":"e_1_2_1_22_2","doi-asserted-by":"publisher","DOI":"10.1016\/0021-9290(95)00055-0"},{"key":"e_1_2_1_23_2","doi-asserted-by":"publisher","DOI":"10.1016\/0021-9290(90)90017-W"},{"key":"e_1_2_1_24_2","doi-asserted-by":"publisher","DOI":"10.1210\/jc.80.3.869"},{"key":"e_1_2_1_25_2","first-page":"1097","article-title":"Disruptions
        of muscle fiber plasma membranes: role in exercise\u2010induced damage","volume":"140","author":"McNeil
        PL","year":"1992","journal-title":"Am J Pathol"},{"key":"e_1_2_1_26_2","doi-asserted-by":"publisher","DOI":"10.1111\/j.1532-5415.1993.tb02049.x"},{"key":"e_1_2_1_27_2","doi-asserted-by":"crossref","unstructured":"NachlasMM
        TsouKC DeSE ChengCS SeligmanAM: Cytochemical demonstration of succinic dehydrogenase
        by the use of a new p\u2010nitrophenyl substituted ditetrazole.J Histochem
        Cytochem insert:420\u2013436 1957","DOI":"10.1177\/5.4.420"},{"key":"e_1_2_1_28_2","doi-asserted-by":"publisher","DOI":"10.1073\/pnas.92.15.7001"},{"key":"e_1_2_1_29_2","doi-asserted-by":"publisher","DOI":"10.1097\/00000441-196101000-00035"},{"key":"e_1_2_1_30_2","volume-title":"Biometry","author":"Sokal
        RR","year":"1981"},{"key":"e_1_2_1_31_2","doi-asserted-by":"publisher","DOI":"10.1113\/jphysiol.1972.sp009891"},{"key":"e_1_2_1_32_2","first-page":"277","article-title":"Functional
        adaptation of sarcomere number of normal cat muscle","volume":"72","author":"Tabary
        JC","year":"1976","journal-title":"J Physiol (Paris)"},{"key":"e_1_2_1_33_2","doi-asserted-by":"publisher","DOI":"10.1210\/jc.75.4.1092"},{"key":"e_1_2_1_34_2","first-page":"101","volume-title":"Point
        Counting Methods: Practical Methods for Biological Morphometry","author":"Weibel
        ER","year":"1979"},{"key":"e_1_2_1_35_2","volume-title":"Small Animal Clinical
        Diagnosis by Laboratory Methods","author":"Willard MD","year":"1989"},{"key":"e_1_2_1_36_2","first-page":"459","article-title":"Changes
        in sarcomere length and physiological properties in immobilized muscle","volume":"127","author":"Williams
        PE","year":"1978","journal-title":"J Anat"},{"key":"e_1_2_1_37_2","first-page":"359","article-title":"Muscle
        and tendon: properties, models, scaling and application to biomechanics and
        motor control","volume":"17","author":"Zajac FE","year":"1989","journal-title":"Crit
        Rev Biomed Eng"}],"container-title":["Journal of Orthopaedic Research"],"original-title":[],"language":"en","link":[{"URL":"https:\/\/api.wiley.com\/onlinelibrary\/tdm\/v1\/articles\/10.1002%2Fjor.1100150407","content-type":"unspecified","content-version":"vor","intended-application":"text-mining"},{"URL":"https:\/\/onlinelibrary.wiley.com\/doi\/pdf\/10.1002\/jor.1100150407","content-type":"unspecified","content-version":"vor","intended-application":"similarity-checking"}],"deposited":{"date-parts":[[2023,10,27]],"date-time":"2023-10-27T22:42:30Z","timestamp":1698446550000},"score":1,"resource":{"primary":{"URL":"https:\/\/onlinelibrary.wiley.com\/doi\/10.1002\/jor.1100150407"}},"subtitle":[],"short-title":[],"issued":{"date-parts":[[1997,7]]},"references-count":36,"journal-issue":{"issue":"4","published-print":{"date-parts":[[1997,7]]}},"alternative-id":["10.1002\/jor.1100150407"],"URL":"http:\/\/dx.doi.org\/10.1002\/jor.1100150407","archive":["Portico"],"relation":{},"ISSN":["0736-0266","1554-527X"],"issn-type":[{"value":"0736-0266","type":"print"},{"value":"1554-527X","type":"electronic"}],"subject":["Orthopedics
        and Sports Medicine"],"published":{"date-parts":[[1997,7]]},"assertion":[{"value":"1996-11-25","order":0,"name":"received","label":"Received","group":{"name":"publication_history","label":"Publication
        History"}},{"value":"1997-06-18","order":1,"name":"accepted","label":"Accepted","group":{"name":"publication_history","label":"Publication
        History"}},{"value":"2005-02-18","order":2,"name":"published","label":"Published","group":{"name":"publication_history","label":"Publication
        History"}}]}}'
    headers:
      access-control-allow-headers:
      - X-Requested-With, Accept, Accept-Encoding, Accept-Charset, Accept-Language,
        Accept-Ranges, Cache-Control
      access-control-allow-origin:
      - '*'
      access-control-expose-headers:
      - Link
      connection:
      - close
      content-encoding:
      - gzip
      content-length:
      - '3709'
      content-type:
      - application/json
      date:
      - Tue, 16 Jan 2024 06:50:37 GMT
      permissions-policy:
      - interest-cohort=()
      server:
      - Jetty(9.4.40.v20210413)
      vary:
      - Accept-Encoding
      x-api-pool:
      - public
      x-rate-limit-interval:
      - 1s
      x-rate-limit-limit:
      - '50'
      x-ratelimit-interval:
      - 1s
      x-ratelimit-limit:
      - '50'
    status:
      code: 200
      message: OK
- request:
    body: null
    headers:
      Accept:
      - '*/*'
      Accept-Encoding:
      - gzip, deflate
      Connection:
      - keep-alive
      User-Agent:
      - python-requests/2.31.0 habanero/1.2.5
      X-USER-AGENT:
      - python-requests/2.31.0 habanero/1.2.5
    method: GET
    uri: https://api.crossref.org/works/10.1038/srep16696
  response:
    body:
      string: '{"status":"ok","message-type":"work","message-version":"1.0.0","message":{"indexed":{"date-parts":[[2024,1,9]],"date-time":"2024-01-09T22:42:56Z","timestamp":1704840176928},"reference-count":62,"publisher":"Springer
        Science and Business Media LLC","issue":"1","license":[{"start":{"date-parts":[[2015,11,19]],"date-time":"2015-11-19T00:00:00Z","timestamp":1447891200000},"content-version":"tdm","delay-in-days":0,"URL":"https:\/\/creativecommons.org\/licenses\/by\/4.0"},{"start":{"date-parts":[[2015,11,19]],"date-time":"2015-11-19T00:00:00Z","timestamp":1447891200000},"content-version":"vor","delay-in-days":0,"URL":"https:\/\/creativecommons.org\/licenses\/by\/4.0"}],"content-domain":{"domain":["link.springer.com"],"crossmark-restriction":false},"short-container-title":["Sci
        Rep"],"abstract":"<jats:title>Abstract<\/jats:title><jats:p>Oligomers of alpha-synuclein
        are toxic to cells and have been proposed to play a key role in the etiopathogenesis
        of Parkinson\u2019s disease. As certain missense mutations in the gene encoding
        for alpha-synuclein induce early-onset forms of the disease, it has been suggested
        that these variants might have an inherent tendency to produce high concentrations
        of oligomers during aggregation, although a direct experimental evidence for
        this is still missing. We used single-molecule F\u00f6rster Resonance Energy
        Transfer to visualize directly the protein self-assembly process by wild-type
        alpha-synuclein and A53T, A30P and E46K mutants and to compare the structural
        properties of the ensemble of oligomers generated. We found that the kinetics
        of oligomer formation correlates with the natural tendency of each variant
        to acquire beta-sheet structure. Moreover, A53T and A30P showed significant
        differences in the averaged FRET efficiency of one of the two types of oligomers
        formed compared to the wild-type oligomers, indicating possible structural
        variety among the ensemble of species generated. Importantly, we found similar
        concentrations of oligomers during the lag-phase of the aggregation of wild-type
        and mutated alpha-synuclein, suggesting that the properties of the ensemble
        of oligomers generated during self-assembly might be more relevant than their
        absolute concentration for triggering neurodegeneration.<\/jats:p>","DOI":"10.1038\/srep16696","type":"journal-article","created":{"date-parts":[[2015,11,19]],"date-time":"2015-11-19T10:33:19Z","timestamp":1447929199000},"update-policy":"http:\/\/dx.doi.org\/10.1007\/springer_crossmark_policy","source":"Crossref","is-referenced-by-count":90,"title":["Single-molecule
        FRET studies on alpha-synuclein oligomerization of Parkinson\u2019s disease
        genetically related mutants"],"prefix":"10.1038","volume":"5","author":[{"given":"Laura","family":"Tosatto","sequence":"first","affiliation":[]},{"given":"Mathew
        H.","family":"Horrocks","sequence":"additional","affiliation":[]},{"given":"Alexander
        J.","family":"Dear","sequence":"additional","affiliation":[]},{"given":"Tuomas
        P. J.","family":"Knowles","sequence":"additional","affiliation":[]},{"given":"Mauro","family":"Dalla
        Serra","sequence":"additional","affiliation":[]},{"given":"Nunilo","family":"Cremades","sequence":"additional","affiliation":[]},{"given":"Christopher
        M.","family":"Dobson","sequence":"additional","affiliation":[]},{"given":"David","family":"Klenerman","sequence":"additional","affiliation":[]}],"member":"297","published-online":{"date-parts":[[2015,11,19]]},"reference":[{"key":"BFsrep16696_CR1","doi-asserted-by":"publisher","first-page":"140","DOI":"10.3389\/fnana.2010.00140","volume":"4","author":"T
        Gonz\u00e1lez-Hern\u00e1ndez","year":"2010","unstructured":"Gonz\u00e1lez-Hern\u00e1ndez,
        T., Cruz-Muros, I., Afonso-Oramas, D., Salas-Hernandez, J. & Castro-Hernandez,
        J. Vulnerability of mesostriatal dopaminergic neurons in Parkinson\u2019s
        disease. Front. Neuroanat. 4, 140 (2010).","journal-title":"Front. Neuroanat"},{"key":"BFsrep16696_CR2","doi-asserted-by":"publisher","first-page":"839","DOI":"10.1038\/42166","volume":"388","author":"MG
        Spillantini","year":"1997","unstructured":"Spillantini, M. G. et al. Alpha-synuclein
        in Lewy bodies. Nature 388, 839\u2013840 (1997).","journal-title":"Nature"},{"key":"BFsrep16696_CR3","doi-asserted-by":"publisher","first-page":"13709","DOI":"10.1021\/bi961799n","volume":"35","author":"PH
        Weinreb","year":"1996","unstructured":"Weinreb, P. H., Zhen, W., Poon, A.
        W., Conway, K. A. & Lansbury, P. T., Jr. NACP, a protein implicated in Alzheimer\u2019s
        disease and learning, is natively unfolded. Biochemistry (Mosc.) 35, 13709\u201313715
        (1996).","journal-title":"Biochemistry (Mosc.)"},{"key":"BFsrep16696_CR4","doi-asserted-by":"publisher","first-page":"2552","DOI":"10.1021\/bi991447r","volume":"39","author":"KA
        Conway","year":"2000","unstructured":"Conway, K. A., Harper, J. D. & Lansbury,
        P. T., Jr . Fibrils formed in vitro from alpha-synuclein and two mutant forms
        linked to Parkinson\u2019s disease are typical amyloid. Biochemistry (Mosc.)
        39, 2552\u20132563 (2000).","journal-title":"Biochemistry (Mosc.)"},{"key":"BFsrep16696_CR5","doi-asserted-by":"publisher","first-page":"2045","DOI":"10.1126\/science.276.5321.2045","volume":"276","author":"MH
        Polymeropoulos","year":"1997","unstructured":"Polymeropoulos, M. H. et al.
        Mutation in the alpha-synuclein gene identified in families with Parkinson\u2019s
        disease. Science 276, 2045\u20132047 (1997).","journal-title":"Science"},{"key":"BFsrep16696_CR6","doi-asserted-by":"publisher","first-page":"106","DOI":"10.1038\/ng0298-106","volume":"18","author":"R
        Kr\u00fcger","year":"1998","unstructured":"Kr\u00fcger, R. et al. Ala30Pro
        mutation in the gene encoding alpha-synuclein in Parkinson\u2019s disease.
        Nat. Genet. 18, 106\u2013108 (1998).","journal-title":"Nat. Genet."},{"key":"BFsrep16696_CR7","doi-asserted-by":"publisher","first-page":"164","DOI":"10.1002\/ana.10795","volume":"55","author":"JJ
        Zarranz","year":"2004","unstructured":"Zarranz, J. J. et al. The new mutation,
        E46K, of alpha-synuclein causes Parkinson and Lewy body dementia. Ann. Neurol.
        55, 164\u2013173 (2004).","journal-title":"Ann. Neurol."},{"key":"BFsrep16696_CR8","doi-asserted-by":"publisher","first-page":"841","DOI":"10.1126\/science.1090278","volume":"302","author":"AB
        Singleton","year":"2003","unstructured":"Singleton, A. B. et al. \u03b1-Synuclein
        Locus Triplication Causes Parkinson\u2019s Disease. Science 302, 841 (2003).","journal-title":"Science"},{"key":"BFsrep16696_CR9","doi-asserted-by":"publisher","first-page":"1062","DOI":"10.1212\/WNL.0b013e31828727ba","volume":"80","author":"C
        Proukakis","year":"2013","unstructured":"Proukakis, C. et al. A novel \u03b1-synuclein
        missense mutation in Parkinson disease. Neurology 80, 1062\u20131064 (2013).","journal-title":"Neurology"},{"key":"BFsrep16696_CR10","doi-asserted-by":"publisher","first-page":"753","DOI":"10.1007\/s00401-013-1096-7","volume":"125","author":"AP
        Kiely","year":"2013","unstructured":"Kiely, A. P. et al. \u03b1-Synucleinopathy
        associated with G51D SNCA mutation: a link between Parkinson\u2019s disease
        and multiple system atrophy? Acta Neuropathol. (Berl.) 125, 753\u2013769 (2013).","journal-title":"Acta
        Neuropathol. (Berl.)"},{"key":"BFsrep16696_CR11","doi-asserted-by":"publisher","first-page":"2180.e1","DOI":"10.1016\/j.neurobiolaging.2014.03.024","volume":"35","author":"P
        Pasanen","year":"2014","unstructured":"Pasanen, P. et al. A novel \u03b1-synuclein
        mutation A53E associated with atypical multiple system atrophy and Parkinson\u2019s
        disease-type pathology. Neurobiol. Aging 35, 2180.e1\u20135 (2014).","journal-title":"Neurobiol.
        Aging"},{"key":"BFsrep16696_CR12","doi-asserted-by":"publisher","first-page":"1167","DOI":"10.1016\/S0140-6736(04)17103-1","volume":"364","author":"M-C
        Chartier-Harlin","year":"2004","unstructured":"Chartier-Harlin, M.-C. et al.
        Alpha-synuclein locus duplication as a cause of familial Parkinson\u2019s
        disease. Lancet 364, 1167\u20131169 (2004).","journal-title":"Lancet"},{"key":"BFsrep16696_CR13","doi-asserted-by":"publisher","first-page":"2380","DOI":"10.1074\/jbc.M008919200","volume":"276","author":"BI
        Giasson","year":"2001","unstructured":"Giasson, B. I., Murray, I. V., Trojanowski,
        J. Q. & Lee, V. M. A hydrophobic stretch of 12 amino acid residues in the
        middle of alpha-synuclein is essential for filament assembly. J. Biol. Chem.
        276, 2380\u20132386 (2001).","journal-title":"J. Biol. Chem."},{"key":"BFsrep16696_CR14","doi-asserted-by":"publisher","first-page":"4491","DOI":"10.1093\/hmg\/ddu165","volume":"23","author":"M-B
        Fares","year":"2014","unstructured":"Fares, M.-B. et al. The novel Parkinson\u2019s
        disease linked mutation G51D attenuates in vitro aggregation and membrane
        binding of \u03b1-synuclein and enhances its secretion and nuclear localization
        in cells. Hum. Mol. Genet. 23, 4491\u20134509 (2014).","journal-title":"Hum.
        Mol. Genet."},{"key":"BFsrep16696_CR15","doi-asserted-by":"publisher","first-page":"7800","DOI":"10.1074\/jbc.M411638200","volume":"280","author":"EA
        Greenbaum","year":"2005","unstructured":"Greenbaum, E. A. et al. The E46K
        mutation in alpha-synuclein increases amyloid fibril formation. J. Biol. Chem.
        280, 7800\u20137807 (2005).","journal-title":"J. Biol. Chem."},{"key":"BFsrep16696_CR16","doi-asserted-by":"publisher","first-page":"11604","DOI":"10.1021\/bi010616g","volume":"40","author":"J
        Li","year":"2001","unstructured":"Li, J., Uversky, V. N. & Fink, A. L. Effect
        of familial Parkinson\u2019s disease point mutations A30P and A53T on the
        structural properties, aggregation and fibrillation of human alpha-synuclein.
        Biochemistry (Mosc.) 40, 11604\u201311613 (2001).","journal-title":"Biochemistry
        (Mosc.)"},{"key":"BFsrep16696_CR17","doi-asserted-by":"publisher","first-page":"6419","DOI":"10.1021\/bi5010365","volume":"53","author":"D
        Ghosh","year":"2014","unstructured":"Ghosh, D. et al. The newly discovered
        parkinson\u2019s disease associated finnish mutation (A53E) attenuates \u03b1-synuclein
        aggregation and membrane binding. Biochemistry (Mosc.) 53, 6419\u20136421
        (2014).","journal-title":"Biochemistry (Mosc.)"},{"key":"BFsrep16696_CR18","doi-asserted-by":"publisher","first-page":"6925","DOI":"10.1021\/bi400999d","volume":"52","author":"D
        Ghosh","year":"2013","unstructured":"Ghosh, D. et al. The Parkinson\u2019s
        disease-associated H50Q mutation accelerates \u03b1-Synuclein aggregation
        in vitro. Biochemistry (Mosc.) 52, 6925\u20136927 (2013).","journal-title":"Biochemistry
        (Mosc.)"},{"key":"BFsrep16696_CR19","doi-asserted-by":"publisher","first-page":"45996","DOI":"10.1074\/jbc.M106777200","volume":"276","author":"R
        Bussell Jr","year":"2001","unstructured":"Bussell, R., Jr & Eliezer, D. Residual
        structure and dynamics in Parkinson\u2019s disease-associated mutants of alpha-synuclein.
        J. Biol. Chem. 276, 45996\u201346003 (2001).","journal-title":"J. Biol. Chem."},{"key":"BFsrep16696_CR20","doi-asserted-by":"publisher","first-page":"1037","DOI":"10.1016\/j.jmb.2005.11.035","volume":"355","author":"F
        Rousseau","year":"2006","unstructured":"Rousseau, F., Serrano, L. & Schymkowitz,
        J. W. H. How evolutionary pressure against protein aggregation shaped chaperone
        specificity. J. Mol. Biol. 355, 1037\u20131047 (2006).","journal-title":"J.
        Mol. Biol."},{"key":"BFsrep16696_CR21","doi-asserted-by":"publisher","first-page":"251","DOI":"10.1146\/annurev.bi.47.070178.001343","volume":"47","author":"PY
        Chou","year":"1978","unstructured":"Chou, P. Y. & Fasman, G. D. Empirical
        predictions of protein conformation. Annu. Rev. Biochem. 47, 251\u2013276
        (1978).","journal-title":"Annu. Rev. Biochem."},{"key":"BFsrep16696_CR22","doi-asserted-by":"publisher","first-page":"18850","DOI":"10.1073\/pnas.1012336107","volume":"107","author":"VL
        Anderson","year":"2010","unstructured":"Anderson, V. L., Ramlall, T. F., Rospigliosi,
        C. C., Webb, W. W. & Eliezer, D. Identification of a helical intermediate
        in trifluoroethanol-induced alpha-synuclein aggregation. Proc. Natl. Acad.
        Sci. USA 107, 18850\u201318855 (2010).","journal-title":"Proc. Natl. Acad.
        Sci. USA"},{"key":"BFsrep16696_CR23","doi-asserted-by":"publisher","first-page":"715","DOI":"10.1016\/j.nbd.2011.05.025","volume":"43","author":"K
        Ono","year":"2011","unstructured":"Ono, K., Ikeda, T., Takasaki, J. & Yamada,
        M. Familial Parkinson disease mutations influence \u03b1-synuclein assembly.
        Neurobiol. Dis. 43, 715\u2013724 (2011).","journal-title":"Neurobiol. Dis."},{"key":"BFsrep16696_CR24","doi-asserted-by":"publisher","first-page":"30649","DOI":"10.1074\/jbc.C500288200","volume":"280","author":"CW
        Bertoncini","year":"2005","unstructured":"Bertoncini, C. W., Fernandez, C.
        O., Griesinger, C., Jovin, T. M. & Zweckstetter, M. Familial mutants of alpha-synuclein
        with increased neurotoxicity have a destabilized conformation. J. Biol. Chem.
        280, 30649\u201330652 (2005).","journal-title":"J. Biol. Chem."},{"key":"BFsrep16696_CR25","doi-asserted-by":"publisher","first-page":"1022","DOI":"10.1016\/j.jmb.2009.03.065","volume":"388","author":"CC
        Rospigliosi","year":"2009","unstructured":"Rospigliosi, C. C. et al. E46K
        Parkinson\u2019s-linked mutation enhances C-terminal-to-N-terminal contacts
        in alpha-synuclein. J. Mol. Biol. 388, 1022\u20131032 (2009).","journal-title":"J.
        Mol. Biol."},{"key":"BFsrep16696_CR26","doi-asserted-by":"publisher","first-page":"10737","DOI":"10.1021\/jp405614j","volume":"117","author":"C
        Camilloni","year":"2013","unstructured":"Camilloni, C. & Vendruscolo, M. A
        relationship between the aggregation rates of \u03b1-synuclein variants and
        the \u03b2-sheet populations in their monomeric forms. J. Phys. Chem. B 117,
        10737\u201310741 (2013).","journal-title":"J. Phys. Chem. B"},{"key":"BFsrep16696_CR27","doi-asserted-by":"crossref","unstructured":"Coskuner,
        O. & Wise-Scira, O. Structures and Free Energy Landscapes of the A53T Mutant-Type
        \u03b1-Synuclein Protein and Impact of A53T Mutation on the Structures of
        the Wild-Type \u03b1-Synuclein Protein with Dynamics. ACS Chem. Neurosci.
        (2013). doi: 10.1021\/cn400041j.","DOI":"10.1021\/cn400041j"},{"key":"BFsrep16696_CR28","doi-asserted-by":"publisher","first-page":"571","DOI":"10.1073\/pnas.97.2.571","volume":"97","author":"KA
        Conway","year":"2000","unstructured":"Conway, K. A. et al. Acceleration of
        oligomerization, not fibrillization, is a shared property of both alpha-synuclein
        mutations linked to early-onset Parkinson\u2019s disease: implications for
        pathogenesis and therapy. Proc. Natl. Acad. Sci. USA 97, 571\u2013576 (2000).","journal-title":"Proc.
        Natl. Acad. Sci. USA"},{"key":"BFsrep16696_CR29","doi-asserted-by":"publisher","first-page":"1089","DOI":"10.1016\/S0022-2836(02)00735-0","volume":"322","author":"HA
        Lashuel","year":"2002","unstructured":"Lashuel, H. A. et al. Alpha-synuclein,
        especially the Parkinson\u2019s disease-associated mutants, forms pore-like
        annular and tubular protofibrils. J. Mol. Biol. 322, 1089\u20131102 (2002).","journal-title":"J.
        Mol. Biol."},{"key":"BFsrep16696_CR30","doi-asserted-by":"publisher","first-page":"7107","DOI":"10.1021\/bi7000246","volume":"46","author":"RA
        Fredenburg","year":"2007","unstructured":"Fredenburg, R. A. et al. The impact
        of the E46K mutation on the properties of alpha-synuclein in its monomeric
        and oligomeric states. Biochemistry (Mosc.) 46, 7107\u20137118 (2007).","journal-title":"Biochemistry
        (Mosc.)"},{"key":"BFsrep16696_CR31","doi-asserted-by":"publisher","first-page":"805","DOI":"10.1038\/nature01891","volume":"424","author":"F
        Chiti","year":"2003","unstructured":"Chiti, F., Stefani, M., Taddei, N., Ramponi,
        G. & Dobson, C. M. Rationalization of the effects of mutations on peptide
        and protein aggregation rates. Nature 424, 805\u2013808 (2003).","journal-title":"Nature"},{"key":"BFsrep16696_CR32","doi-asserted-by":"publisher","first-page":"4194","DOI":"10.1073\/pnas.1100976108","volume":"108","author":"B
        Winner","year":"2011","unstructured":"Winner, B. et al. In vivo demonstration
        that alpha-synuclein oligomers are toxic. Proc. Natl. Acad. Sci. USA 108,
        4194\u20134199 (2011).","journal-title":"Proc. Natl. Acad. Sci. USA"},{"key":"BFsrep16696_CR33","doi-asserted-by":"publisher","first-page":"1048","DOI":"10.1016\/j.cell.2012.03.037","volume":"149","author":"N
        Cremades","year":"2012","unstructured":"Cremades, N. et al. Direct Observation
        of the Interconversion of Normal and Toxic Forms of \u03b1-Synuclein. Cell
        149, 1048\u20131059 (2012).","journal-title":"Cell"},{"key":"BFsrep16696_CR34","doi-asserted-by":"publisher","first-page":"3256","DOI":"10.1038\/emboj.2009.257","volume":"28","author":"DP
        Karpinar","year":"2009","unstructured":"Karpinar, D. P. et al. Pre-fibrillar
        alpha-synuclein variants with impaired beta-structure increase neurotoxicity
        in Parkinson\u2019s disease models. EMBO J. 28, 3256\u20133268 (2009).","journal-title":"EMBO
        J."},{"key":"BFsrep16696_CR35","doi-asserted-by":"publisher","first-page":"19509","DOI":"10.1074\/jbc.274.28.19509","volume":"274","author":"SJ
        Wood","year":"1999","unstructured":"Wood, S. J. et al. alpha-synuclein fibrillogenesis
        is nucleation-dependent. Implications for the pathogenesis of Parkinson\u2019s
        disease. J. Biol. Chem. 274, 19509\u201319512 (1999).","journal-title":"J.
        Biol. Chem."},{"key":"BFsrep16696_CR36","doi-asserted-by":"publisher","first-page":"3246","DOI":"10.1073\/pnas.1013225108","volume":"108","author":"L
        Giehm","year":"2011","unstructured":"Giehm, L., Svergun, D. I., Otzen, D.
        E. & Vestergaard, B. Low-resolution structure of a vesicle disrupting &alpha;-synuclein
        oligomer that accumulates during fibrillation. Proc. Natl. Acad. Sci. USA
        108, 3246\u20133251 (2011).","journal-title":"Proc. Natl. Acad. Sci. USA"},{"key":"BFsrep16696_CR37","doi-asserted-by":"publisher","first-page":"7812","DOI":"10.1021\/bi0102398","volume":"40","author":"MJ
        Volles","year":"2001","unstructured":"Volles, M. J. et al. Vesicle permeabilization
        by protofibrillar alpha-synuclein: implications for the pathogenesis and treatment
        of Parkinson\u2019s disease. Biochemistry (Mosc.) 40, 7812\u20137819 (2001).","journal-title":"Biochemistry
        (Mosc.)"},{"key":"BFsrep16696_CR38","doi-asserted-by":"publisher","first-page":"7560","DOI":"10.1002\/anie.201400491","volume":"53","author":"W
        Paslawski","year":"2014","unstructured":"Paslawski, W., Mysling, S., Thomsen,
        K., J\u00f8rgensen, T. J. D. & Otzen, D. E. Co-existence of two different
        \u03b1-synuclein oligomers with different core structures determined by hydrogen\/deuterium
        exchange mass spectrometry. Angew. Chem. Int. Ed Engl. 53, 7560\u20137563
        (2014).","journal-title":"Angew. Chem. Int. Ed Engl."},{"key":"BFsrep16696_CR39","doi-asserted-by":"publisher","first-page":"239","DOI":"10.1021\/cn500168x","volume":"6","author":"S
        Basak","year":"2015","unstructured":"Basak, S., Prasad, G. V. R. K., Varkey,
        J. & Chattopadhyay, K. Early Sodium Dodecyl Sulfate Induced Collapse of \u03b1-Synuclein
        Correlates with Its Amyloid Formation. ACS Chem. Neurosci. 6, 239\u2013246
        (2015).","journal-title":"ACS Chem. Neurosci."},{"key":"BFsrep16696_CR40","doi-asserted-by":"publisher","first-page":"1202","DOI":"10.1016\/j.bbrc.2005.06.025","volume":"333","author":"A
        Giese","year":"2005","unstructured":"Giese, A. et al. Single particle detection
        and characterization of synuclein co-aggregation. Biochem. Biophys. Res. Commun.
        333, 1202\u20131210 (2005).","journal-title":"Biochem. Biophys. Res. Commun."},{"key":"BFsrep16696_CR41","doi-asserted-by":"publisher","first-page":"1302","DOI":"10.1016\/j.bpj.2009.12.4290","volume":"98","author":"S
        Nath","year":"2010","unstructured":"Nath, S., Meuvis, J., Hendrix, J., Carl,
        S. A. & Engelborghs, Y. Early Aggregation Steps in \u03b1-Synuclein as Measured
        by FCS and FRET: Evidence for a Contagious Conformational Change. Biophys.
        J. 98, 1302\u20131311 (2010).","journal-title":"Biophys. J."},{"key":"BFsrep16696_CR42","doi-asserted-by":"publisher","first-page":"1064","DOI":"10.1016\/j.jmb.2008.03.034","volume":"378","author":"S
        Thirunavukkuarasu","year":"2008","unstructured":"Thirunavukkuarasu, S., Jares-Erijman,
        E. A. & Jovin, T. M. Multiparametric fluorescence detection of early stages
        in the amyloid protein aggregation of pyrene-labeled alpha-synuclein. J. Mol.
        Biol. 378, 1064\u20131073 (2008).","journal-title":"J. Mol. Biol."},{"key":"BFsrep16696_CR43","doi-asserted-by":"publisher","first-page":"E115","DOI":"10.1038\/35017124","volume":"2","author":"MS
        Goldberg","year":"2000","unstructured":"Goldberg, M. S. & Lansbury Jr, P.
        T. Is there a cause-and-effect relationship between \u03b1-synuclein fibrillization
        and Parkinson\u2019s disease? Nat. Cell Biol. 2, E115\u2013E119 (2000).","journal-title":"Nat.
        Cell Biol."},{"key":"BFsrep16696_CR44","doi-asserted-by":"publisher","first-page":"63","DOI":"10.1016\/j.jmb.2005.10.071","volume":"355","author":"MM
        Apetri","year":"2006","unstructured":"Apetri, M. M., Maiti, N. C., Zagorski,
        M. G., Carey, P. R. & Anderson, V. E. Secondary structure of alpha-synuclein
        oligomers: characterization by raman and atomic force microscopy. J. Mol.
        Biol. 355, 63\u201371 (2006).","journal-title":"J. Mol. Biol."},{"key":"BFsrep16696_CR45","doi-asserted-by":"publisher","first-page":"9228","DOI":"10.1038\/srep09228","volume":"5","author":"D
        Ghosh","year":"2015","unstructured":"Ghosh, D. et al. Structure based aggregation
        studies reveal the presence of helix-rich intermediate during \u03b1-Synuclein
        aggregation. Sci. Rep. 5, 9228 (2015).","journal-title":"Sci. Rep"},{"key":"BFsrep16696_CR46","doi-asserted-by":"publisher","first-page":"14424","DOI":"10.1073\/pnas.0803086105","volume":"105","author":"A
        Orte","year":"2008","unstructured":"Orte, A. et al. Direct characterization
        of amyloidogenic oligomers by single-molecule fluorescence. Proc. Natl. Acad.
        Sci. USA 105, 14424\u201314429 (2008).","journal-title":"Proc. Natl. Acad.
        Sci. USA"},{"key":"BFsrep16696_CR47","doi-asserted-by":"publisher","first-page":"79","DOI":"10.1038\/nsmb.2191","volume":"19","author":"P
        Narayan","year":"2012","unstructured":"Narayan, P. et al. The extracellular
        chaperone clusterin sequesters oligomeric forms of the amyloid-\u03b2(1\u201340)
        peptide. Nat. Struct. Mol. Biol. 19, 79\u201383 (2012).","journal-title":"Nat.
        Struct. Mol. Biol."},{"key":"BFsrep16696_CR48","doi-asserted-by":"publisher","first-page":"179","DOI":"10.1021\/ac202313d","volume":"84","author":"MH
        Horrocks","year":"2012","unstructured":"Horrocks, M. H. et al. Single molecule
        fluorescence under conditions of fast flow. Anal. Chem. 84, 179\u2013185 (2012).","journal-title":"Anal.
        Chem."},{"key":"BFsrep16696_CR49","doi-asserted-by":"publisher","first-page":"8818","DOI":"10.1021\/acs.analchem.5b01811","volume":"87","author":"MH
        Horrocks","year":"2015","unstructured":"Horrocks, M. H. et al. Fast Flow Microfluidics
        and Single-Molecule Fluorescence for the Rapid Characterization of \u03b1-Synuclein
        Oligomers. Anal. Chem. 87, 8818\u20138826 (2015).","journal-title":"Anal.
        Chem."},{"key":"BFsrep16696_CR50","doi-asserted-by":"crossref","unstructured":"Chen,
        S. W. et al. Structural characterization of toxic oligomers that are kinetically
        trapped during \u03b1-synuclein fibril formation. Proc. Natl. Acad. Sci. USA
        (2015). doi: 10.1073\/pnas.1421204112.","DOI":"10.1073\/pnas.1421204112"},{"key":"BFsrep16696_CR51","doi-asserted-by":"publisher","first-page":"9758","DOI":"10.1073\/pnas.1218402110","volume":"110","author":"SIA
        Cohen","year":"2013","unstructured":"Cohen, S. I. A. et al. Proliferation
        of amyloid-\u03b242 aggregates occurs through a secondary nucleation mechanism.
        Proc. Natl. Acad. Sci. USA 110, 9758\u20139763 (2013).","journal-title":"Proc.
        Natl. Acad. Sci. USA"},{"key":"BFsrep16696_CR52","doi-asserted-by":"publisher","first-page":"032712","DOI":"10.1103\/PhysRevE.89.032712","volume":"89","author":"GA
        Garcia","year":"2014","unstructured":"Garcia, G. A., Cohen, S. I. A., Dobson,
        C. M. & Knowles, T. P. J. Nucleation-conversion-polymerization reactions of
        biological macromolecules with prenucleation clusters. Phys. Rev. E Stat.
        Nonlin. Soft Matter Phys. 89, 032712 (2014).","journal-title":"Phys. Rev.
        E Stat. Nonlin. Soft Matter Phys."},{"key":"BFsrep16696_CR53","doi-asserted-by":"publisher","first-page":"454","DOI":"10.1016\/j.jmb.2007.09.039","volume":"374","author":"S
        Zibaee","year":"2007","unstructured":"Zibaee, S. et al. Sequence Determinants
        for Amyloid Fibrillogenesis of Human alpha-Synuclein. J. Mol. Biol. 374, 454\u2013464
        (2007).","journal-title":"J. Mol. Biol."},{"key":"BFsrep16696_CR54","doi-asserted-by":"publisher","first-page":"772","DOI":"10.1016\/j.bbrc.2008.01.140","volume":"368","author":"H-J
        Koo","year":"2008","unstructured":"Koo, H.-J., Lee, H.-J. & Im, H. Sequence
        determinants regulating fibrillation of human alpha-synuclein. Biochem. Biophys.
        Res. Commun. 368, 772\u2013778 (2008).","journal-title":"Biochem. Biophys.
        Res. Commun."},{"key":"BFsrep16696_CR55","doi-asserted-by":"publisher","first-page":"18","DOI":"10.1186\/1472-6807-5-18","volume":"5","author":"N
        S\u00e1nchez de Groot","year":"2005","unstructured":"S\u00e1nchez de Groot,
        N., Pallar\u00e9s, I., Avil\u00e9s, F. X., Vendrell, J. & Ventura, S. Prediction
        of \u2018hot spots\u2019 of aggregation in disease-linked polypeptides. BMC
        Struct. Biol. 5, 18 (2005).","journal-title":"BMC Struct. Biol."},{"key":"BFsrep16696_CR56","doi-asserted-by":"publisher","first-page":"498","DOI":"10.1021\/cn3002027","volume":"4","author":"O
        Wise-Scira","year":"2013","unstructured":"Wise-Scira, O., Dunn, A., Aloglu,
        A. K., Sakallioglu, I. T. & Coskuner, O. Structures of the E46K mutant-type
        \u03b1-synuclein protein and impact of E46K mutation on the structures of
        the wild-type \u03b1-synuclein protein. ACS Chem. Neurosci. 4, 498\u2013508
        (2013).","journal-title":"ACS Chem. Neurosci"},{"key":"BFsrep16696_CR57","doi-asserted-by":"publisher","first-page":"e49750","DOI":"10.1371\/journal.pone.0049750","volume":"8","author":"LR
        Lemkau","year":"2013","unstructured":"Lemkau, L. R. et al. Site-specific perturbations
        of alpha-synuclein fibril structure by the Parkinson\u2019s disease associated
        mutations A53T and E46K. PloS One 8, e49750 (2013).","journal-title":"PloS
        One"},{"key":"BFsrep16696_CR58","doi-asserted-by":"publisher","first-page":"2575","DOI":"10.1038\/ncomms3575","volume":"4","author":"L
        Bousset","year":"2013","unstructured":"Bousset, L. et al. Structural and functional
        characterization of two alpha-synuclein strains. Nat. Commun. 4, 2575 (2013).","journal-title":"Nat.
        Commun."},{"key":"BFsrep16696_CR59","doi-asserted-by":"publisher","first-page":"444","DOI":"10.1016\/j.jmb.2008.05.026","volume":"380","author":"H
        Heise","year":"2008","unstructured":"Heise, H. et al. Solid-state NMR reveals
        structural differences between fibrils of wild-type and disease-related A53T
        mutant alpha-synuclein. J. Mol. Biol. 380, 444\u2013450 (2008).","journal-title":"J.
        Mol. Biol."},{"key":"BFsrep16696_CR60","doi-asserted-by":"publisher","first-page":"387","DOI":"10.1002\/pro.570","volume":"20","author":"M-K
        Cho","year":"2011","unstructured":"Cho, M.-K., Kim, H.-Y., Fernandez, C. O.,
        Becker, S. & Zweckstetter, M. Conserved core of amyloid fibrils of wild type
        and A30P mutant \u03b1-synuclein. Protein Sci. Publ. Protein Soc. 20, 387\u2013395
        (2011).","journal-title":"Protein Sci. Publ. Protein Soc"},{"key":"BFsrep16696_CR61","doi-asserted-by":"publisher","first-page":"11526","DOI":"10.1074\/jbc.M111.306902","volume":"287","author":"LR
        Lemkau","year":"2012","unstructured":"Lemkau, L. R. et al. Mutant protein
        A30P \u03b1-synuclein adopts wild-type fibril structure, despite slower fibrillation
        kinetics. J. Biol. Chem. 287, 11526\u201311532 (2012).","journal-title":"J.
        Biol. Chem."},{"key":"BFsrep16696_CR62","doi-asserted-by":"publisher","first-page":"e67713","DOI":"10.1371\/journal.pone.0067713","volume":"8","author":"SB
        Nielsen","year":"2013","unstructured":"Nielsen, S. B. et al. Wildtype and
        A30P mutant alpha-synuclein form different fibril structures. PloS One 8,
        e67713 (2013).","journal-title":"PloS One"}],"container-title":["Scientific
        Reports"],"original-title":[],"language":"en","link":[{"URL":"https:\/\/www.nature.com\/articles\/srep16696.pdf","content-type":"application\/pdf","content-version":"vor","intended-application":"text-mining"},{"URL":"https:\/\/www.nature.com\/articles\/srep16696","content-type":"text\/html","content-version":"vor","intended-application":"text-mining"},{"URL":"https:\/\/www.nature.com\/articles\/srep16696.pdf","content-type":"application\/pdf","content-version":"vor","intended-application":"similarity-checking"}],"deposited":{"date-parts":[[2023,1,5]],"date-time":"2023-01-05T19:09:42Z","timestamp":1672945782000},"score":1,"resource":{"primary":{"URL":"https:\/\/www.nature.com\/articles\/srep16696"}},"subtitle":[],"short-title":[],"issued":{"date-parts":[[2015,11,19]]},"references-count":62,"journal-issue":{"issue":"1","published-online":{"date-parts":[[2015,12,22]]}},"alternative-id":["BFsrep16696"],"URL":"http:\/\/dx.doi.org\/10.1038\/srep16696","relation":{},"ISSN":["2045-2322"],"issn-type":[{"value":"2045-2322","type":"electronic"}],"subject":["Multidisciplinary"],"published":{"date-parts":[[2015,11,19]]},"assertion":[{"value":"21
        July 2015","order":1,"name":"received","label":"Received","group":{"name":"ArticleHistory","label":"Article
        History"}},{"value":"19 October 2015","order":2,"name":"accepted","label":"Accepted","group":{"name":"ArticleHistory","label":"Article
        History"}},{"value":"19 November 2015","order":3,"name":"first_online","label":"First
        Online","group":{"name":"ArticleHistory","label":"Article History"}},{"value":"The
        authors declare no competing financial interests.","order":1,"name":"Ethics","group":{"name":"EthicsHeading","label":"Competing
        interests"}}],"article-number":"16696"}}'
    headers:
      access-control-allow-headers:
      - X-Requested-With, Accept, Accept-Encoding, Accept-Charset, Accept-Language,
        Accept-Ranges, Cache-Control
      access-control-allow-origin:
      - '*'
      access-control-expose-headers:
      - Link
      connection:
      - close
      content-encoding:
      - gzip
      content-length:
      - '8653'
      content-type:
      - application/json
      date:
      - Tue, 16 Jan 2024 06:50:38 GMT
      permissions-policy:
      - interest-cohort=()
      server:
      - Jetty(9.4.40.v20210413)
      vary:
      - Accept-Encoding
      x-api-pool:
      - public
      x-rate-limit-interval:
      - 1s
      x-rate-limit-limit:
      - '50'
      x-ratelimit-interval:
      - 1s
      x-ratelimit-limit:
      - '50'
    status:
      code: 200
      message: OK
- request:
    body: null
    headers:
      Accept:
      - '*/*'
      Accept-Encoding:
      - gzip, deflate
      Connection:
      - keep-alive
      User-Agent:
      - python-requests/2.31.0 habanero/1.2.5
      X-USER-AGENT:
      - python-requests/2.31.0 habanero/1.2.5
    method: GET
    uri: https://api.crossref.org/works/10.1109/icdcsw.2003.1203662
  response:
    body:
      string: '{"status":"ok","message-type":"work","message-version":"1.0.0","message":{"indexed":{"date-parts":[[2022,4,2]],"date-time":"2022-04-02T01:59:14Z","timestamp":1648864754553},"reference-count":13,"publisher":"IEEE","content-domain":{"domain":[],"crossmark-restriction":false},"short-container-title":[],"DOI":"10.1109\/icdcsw.2003.1203662","type":"proceedings-article","created":{"date-parts":[[2004,6,22]],"date-time":"2004-06-22T20:27:43Z","timestamp":1087936063000},"source":"Crossref","is-referenced-by-count":2,"title":["Accurate
        and explicit differentiation of wireless and congestion losses"],"prefix":"10.1109","author":[{"given":"V.","family":"Arya","sequence":"first","affiliation":[]},{"given":"T.","family":"Turletti","sequence":"additional","affiliation":[]}],"member":"263","reference":[{"key":"ref10","doi-asserted-by":"publisher","DOI":"10.1109\/WSC.1996.873340"},{"key":"ref11","article-title":"Addition
        of ECN to IP","author":"ramakrishnan","year":"2001","journal-title":"RFC 3168"},{"key":"ref12","article-title":"RTP:
        A transport protocol for real-time applications","author":"schulzrine","year":"1996","journal-title":"RFC
        1889"},{"key":"ref13","first-page":"252","article-title":"Acheiving moderate
        fairness for UDP flows by pathstatus classification","author":"tobe","year":"2000","journal-title":"The
        25th Annual IEEE Conf on Local Computer Networks"},{"key":"ref4","article-title":"Discriminating
        congestion losses from wireless losses using inter-arrival times at the reciever","author":"biaz","year":"1999","journal-title":"IEEE
        Symposium ASSET''99"},{"key":"ref3","doi-asserted-by":"publisher","DOI":"10.1109\/INFCOM.2001.916251"},{"key":"ref6","first-page":"43","article-title":"Equation-based
        congestion control for unicast applications","author":"floyd","year":"2000","journal-title":"SIG-COMM"},{"key":"ref5","first-page":"1","article-title":"End-to-end
        differentiation of congestion and wireless losses","author":"cen","year":"2002","journal-title":"Proc
        Multimedia Computing and Networking (MMCN) Conf"},{"key":"ref8","author":"kohler","year":"2002","journal-title":"Datagram
        Congestion Control Protocol"},{"key":"ref7","author":"handley","year":"2002","journal-title":"TCP
        Friendly Rate Control(TFRC) Protocol Specification"},{"key":"ref2","doi-asserted-by":"publisher","DOI":"10.1007\/BF01985757"},{"key":"ref1","article-title":"Explicit
        loss notification and wireless web performance","author":"balakrishnan","year":"1998","journal-title":"IEEE
        Globecom Internet Mini-Conference"},{"key":"ref9","article-title":"An empirical
        study of today''s internet traffic for differentiated services IP QoS","author":"li","year":"2000","journal-title":"Proc
        ISCCSP"}],"event":{"name":"23rd International Conference on Distributed Computing
        Systems Workshops, 2003.","location":"Providence, Rhode Island, USA"},"container-title":["23rd
        International Conference on Distributed Computing Systems Workshops, 2003.
        Proceedings."],"original-title":[],"link":[{"URL":"http:\/\/xplorestaging.ieee.org\/ielx5\/8560\/27094\/01203662.pdf?arnumber=1203662","content-type":"unspecified","content-version":"vor","intended-application":"similarity-checking"}],"deposited":{"date-parts":[[2017,3,13]],"date-time":"2017-03-13T18:23:30Z","timestamp":1489429410000},"score":1,"resource":{"primary":{"URL":"http:\/\/ieeexplore.ieee.org\/document\/1203662\/"}},"subtitle":[],"short-title":[],"issued":{"date-parts":[[null]]},"references-count":13,"URL":"http:\/\/dx.doi.org\/10.1109\/icdcsw.2003.1203662","relation":{}}}'
    headers:
      access-control-allow-headers:
      - X-Requested-With, Accept, Accept-Encoding, Accept-Charset, Accept-Language,
        Accept-Ranges, Cache-Control
      access-control-allow-origin:
      - '*'
      access-control-expose-headers:
      - Link
      connection:
      - close
      content-encoding:
      - gzip
      content-length:
      - '1505'
      content-type:
      - application/json
      date:
      - Tue, 16 Jan 2024 06:50:38 GMT
      permissions-policy:
      - interest-cohort=()
      server:
      - Jetty(9.4.40.v20210413)
      vary:
      - Accept-Encoding
      x-api-pool:
      - public
      x-rate-limit-interval:
      - 1s
      x-rate-limit-limit:
      - '50'
      x-ratelimit-interval:
      - 1s
      x-ratelimit-limit:
      - '50'
    status:
      code: 200
      message: OK
- request:
    body: null
    headers:
      Accept:
      - '*/*'
      Accept-Encoding:
      - gzip, deflate
      Connection:
      - keep-alive
      User-Agent:
      - python-requests/2.31.0 habanero/1.2.5
      X-USER-AGENT:
      - python-requests/2.31.0 habanero/1.2.5
    method: GET
    uri: https://api.crossref.org/works/10.3892/ijo_00000353
  response:
    body:
      string: '{"status":"ok","message-type":"work","message-version":"1.0.0","message":{"indexed":{"date-parts":[[2022,4,4]],"date-time":"2022-04-04T15:12:00Z","timestamp":1649085120236},"reference-count":0,"publisher":"Spandidos
        Publications","content-domain":{"domain":[],"crossmark-restriction":false},"short-container-title":["Int
        J Oncol"],"published-print":{"date-parts":[[2009,6,26]]},"DOI":"10.3892\/ijo_00000353","type":"journal-article","created":{"date-parts":[[2009,6,26]],"date-time":"2009-06-26T11:19:22Z","timestamp":1246015162000},"source":"Crossref","is-referenced-by-count":3,"title":["Human
        bladder cancer cells undergo cisplatin-induced apoptosis that is associated
        with p53-dependent and p53-independent responses"],"prefix":"10.3892","author":[{"family":"Stravopodis","sequence":"first","affiliation":[]}],"member":"2249","container-title":["International
        Journal of Oncology"],"original-title":[],"link":[{"URL":"https:\/\/spandidos-publications.com\/10.3892\/ijo_00000353\/download","content-type":"unspecified","content-version":"vor","intended-application":"similarity-checking"}],"deposited":{"date-parts":[[2017,4,27]],"date-time":"2017-04-27T09:37:08Z","timestamp":1493285828000},"score":1,"resource":{"primary":{"URL":"http:\/\/www.spandidos-publications.com\/ijo\/35\/2\/401"}},"subtitle":[],"short-title":[],"issued":{"date-parts":[[2009,6,26]]},"references-count":0,"URL":"http:\/\/dx.doi.org\/10.3892\/ijo_00000353","relation":{},"ISSN":["1019-6439"],"issn-type":[{"value":"1019-6439","type":"print"}],"subject":["Cancer
        Research","Oncology"],"published":{"date-parts":[[2009,6,26]]}}}'
    headers:
      access-control-allow-headers:
      - X-Requested-With, Accept, Accept-Encoding, Accept-Charset, Accept-Language,
        Accept-Ranges, Cache-Control
      access-control-allow-origin:
      - '*'
      access-control-expose-headers:
      - Link
      connection:
      - close
      content-encoding:
      - gzip
      content-length:
      - '811'
      content-type:
      - application/json
      date:
      - Tue, 16 Jan 2024 06:50:38 GMT
      permissions-policy:
      - interest-cohort=()
      server:
      - Jetty(9.4.40.v20210413)
      vary:
      - Accept-Encoding
      x-api-pool:
      - public
      x-rate-limit-interval:
      - 1s
      x-rate-limit-limit:
      - '50'
      x-ratelimit-interval:
      - 1s
      x-ratelimit-limit:
      - '50'
    status:
      code: 200
      message: OK
version: 1
