interactions:
- request:
    body: ''
    headers:
      accept:
      - application/x-bibtex
      accept-encoding:
      - gzip, deflate
      connection:
      - keep-alive
      host:
      - doi.org
      user-agent:
      - python-httpx/0.27.2 habanero/2.3.0
      x-user-agent:
      - python-httpx/0.27.2 habanero/2.3.0
    method: GET
    uri: http://doi.org/10.1126/science.169.3946.635
  response:
    content: "<html>\r\n<head><title>301 Moved Permanently</title></head>\r\n<body>\r\n<center><h1>301
      Moved Permanently</h1></center>\r\n<hr><center>cloudflare</center>\r\n</body>\r\n</html>\r\n"
    headers:
      CF-RAY:
      - 95dd65f01ba3838f-SEA
      Cache-Control:
      - max-age=3600
      Connection:
      - keep-alive
      Content-Length:
      - '167'
      Content-Type:
      - text/html
      Date:
      - Sat, 12 Jul 2025 03:19:17 GMT
      Expires:
      - Sat, 12 Jul 2025 04:19:17 GMT
      Location:
      - https://doi.org/10.1126/science.169.3946.635
      NEL:
      - '{"success_fraction":0,"report_to":"cf-nel","max_age":604800}'
      Report-To:
      - '{"endpoints":[{"url":"https:\/\/a.nel.cloudflare.com\/report\/v4?s=FwDLgWAtA2SU%2B5shDrIgjk6IDMP6v4FEpclODu69aWXYnF%2BkiKQ%2FkbrtUGOBUcbFJCcZOLLayDs3aNeCX0WVi2TpwluICf%2BxeGoe2j5%2B3wesU9a73zicu%2Fc%3D"}],"group":"cf-nel","max_age":604800}'
      Server:
      - cloudflare
      Vary:
      - Accept-Encoding
      alt-svc:
      - h3=":443"; ma=86400
      server-timing:
      - cfL4;desc="?proto=TCP&rtt=19997&min_rtt=19997&rtt_var=9998&sent=1&recv=3&lost=0&retrans=0&sent_bytes=0&recv_bytes=245&delivery_rate=0&cwnd=99&unsent_bytes=0&cid=0000000000000000&ts=0&x=0"
    http_version: HTTP/1.1
    status_code: 301
- request:
    body: ''
    headers:
      accept:
      - application/x-bibtex
      accept-encoding:
      - gzip, deflate
      connection:
      - keep-alive
      host:
      - doi.org
      user-agent:
      - python-httpx/0.27.2 habanero/2.3.0
      x-user-agent:
      - python-httpx/0.27.2 habanero/2.3.0
    method: GET
    uri: https://doi.org/10.1126/science.169.3946.635
  response:
    content: '<html><head><title>Handle Redirect</title></head>

      <body><a href="https://api.crossref.org/v1/works/10.1126%2Fscience.169.3946.635/transform">https://api.crossref.org/v1/works/10.1126%2Fscience.169.3946.635/transform</a></body></html>'
    headers:
      CF-RAY:
      - 95dd65f20b4595e1-SEA
      Connection:
      - keep-alive
      Content-Type:
      - text/html;charset=utf-8
      Date:
      - Sat, 12 Jul 2025 03:19:18 GMT
      NEL:
      - '{"success_fraction":0,"report_to":"cf-nel","max_age":604800}'
      Report-To:
      - '{"endpoints":[{"url":"https:\/\/a.nel.cloudflare.com\/report\/v4?s=67iYOBqb%2B9W3mZeFt6UKaPg%2FVDfEElNkSMDGdf1nFlhY%2Fpbxmu8j3hVUPgcQdMl0MZnMfx8T4g5WteWIoA%2Fb%2Fq3wqxCmJyMh8UOcMNMPHzrqYztC2UzPvnA%3D"}],"group":"cf-nel","max_age":604800}'
      Server:
      - cloudflare
      Strict-Transport-Security:
      - max-age=31536000; includeSubDomains; preload
      Transfer-Encoding:
      - chunked
      alt-svc:
      - h3=":443"; ma=86400
      cf-cache-status:
      - DYNAMIC
      expires:
      - Sat, 12 Jul 2025 03:46:15 GMT
      location:
      - https://api.crossref.org/v1/works/10.1126%2Fscience.169.3946.635/transform
      permissions-policy:
      - interest-cohort=(),browsing-topics=()
      server-timing:
      - cfL4;desc="?proto=TCP&rtt=10667&min_rtt=10004&rtt_var=5078&sent=4&recv=6&lost=0&retrans=0&sent_bytes=2828&recv_bytes=864&delivery_rate=189132&cwnd=127&unsent_bytes=0&cid=311bdaac3ba91b6a&ts=122&x=0"
      vary:
      - Origin
      - Accept
    http_version: HTTP/1.1
    status_code: 302
- request:
    body: ''
    headers:
      accept:
      - application/x-bibtex
      accept-encoding:
      - gzip, deflate
      connection:
      - keep-alive
      host:
      - api.crossref.org
      user-agent:
      - python-httpx/0.27.2 habanero/2.3.0
      x-user-agent:
      - python-httpx/0.27.2 habanero/2.3.0
    method: GET
    uri: https://api.crossref.org/v1/works/10.1126%2Fscience.169.3946.635/transform
  response:
    content: " @article{Frank_1970, title={The Structure of Ordinary Water: New data
      and interpretations are yielding new insights into this fascinating substance.},
      volume={169}, ISSN={1095-9203}, url={http://dx.doi.org/10.1126/science.169.3946.635},
      DOI={10.1126/science.169.3946.635}, number={3946}, journal={Science}, publisher={American
      Association for the Advancement of Science (AAAS)}, author={Frank, Henry S.},
      year={1970}, month=aug, pages={635\u2013641} }\n"
    headers:
      Connection:
      - keep-alive
      Content-Type:
      - application/x-bibtex
      Date:
      - Sat, 12 Jul 2025 03:19:18 GMT
      Transfer-Encoding:
      - chunked
      access-control-allow-headers:
      - X-Requested-With, Accept, Accept-Encoding, Accept-Charset, Accept-Language,
        Accept-Ranges, Cache-Control
      access-control-allow-origin:
      - '*'
      access-control-expose-headers:
      - Link
      permissions-policy:
      - interest-cohort=()
      server:
      - Jetty(9.4.40.v20210413)
      vary:
      - Accept
      x-api-pool:
      - public
      x-ratelimit-interval:
      - 1s
      x-ratelimit-limit:
      - '50'
    http_version: HTTP/1.1
    status_code: 200
version: 1
